[qualitybio.in/index.html]
[backblue.gif]
[fade.gif]
[index.html]
[qualitybio.in/feed/index.html]
[qualitybio.in/comments/feed/index.html]
[qualitybio.in/wp-content/themes/bridge/js/plugins/ScrollToPlugin.min109c.js]
[qualitybio.in/wp-content/plugins/LayerSlider/static/layerslider/js/greensockb3a6.js]
[qualitybio.in/wp-includes/js/jquery/jquery.minf43b.js]
[qualitybio.in/wp-includes/js/jquery/jquery-migrate.min5589.js]
[qualitybio.in/wp-content/plugins/LayerSlider/static/layerslider/js/layerslider.kreaturamedia.jquerycc6a.js]
[qualitybio.in/wp-content/plugins/LayerSlider/static/layerslider/js/layerslider.transitionscc6a.js]
[qualitybio.in/wp-content/plugins/revslider/public/assets/js/revolution.tools.minf049.js]
[qualitybio.in/wp-content/plugins/revslider/public/assets/js/rs6.minbfbf.js]
[qualitybio.in/wp-json/wp/v2/pages/241.json]
[qualitybio.in/xmlrpc0db0.php]
[qualitybio.in/wp-json/index.html]
[qualitybio.in/wp-json/oembed/1.0/embede7cd.json]
[qualitybio.in/wp-json/oembed/1.0/embed3170]
[qualitybio.in/wp-content/uploads/2024/04/cropped-logo-white-32x32.png]
[qualitybio.in/wp-content/uploads/2024/04/cropped-logo-white-192x192.png]
[qualitybio.in/wp-content/uploads/2024/04/cropped-logo-white-180x180.png]
[qualitybio.in/wp-content/uploads/2024/04/logo-white.png]
[qualitybio.in/wp-content/uploads/2024/04/logo.png]
[qualitybio.in/wp-content/uploads/2024/04/slide1.jpg]
[qualitybio.in/about/index.html]
[qualitybio.in/impact-and-sustainability/index.html]
[qualitybio.in/products/index.html]
[qualitybio.in/wp-content/uploads/2024/04/slide2.jpg]
[qualitybio.in/quality-testing/index.html]
[qualitybio.in/wp-content/uploads/2024/04/slide3.jpg]
[qualitybio.in/contact/index.html]
[qualitybio.in/wp-content/uploads/2024/03/slide1.jpg]
[qualitybio.in/wp-content/uploads/2024/03/slide2.jpg]
[img.youtube.com/vi/86EEng9MSgQ/sddefault.jpg]
[qualitybio.in/wp-content/uploads/2024/04/abt-img.jpg]
[qualitybio.in/wp-content/uploads/2024/04/Briquettes.jpg]
[qualitybio.in/wp-content/uploads/2024/04/Pellets.jpg]
[qualitybio.in/wp-content/uploads/2024/04/milk.png]
[qualitybio.in/wp-content/uploads/2024/04/textile.png]
[qualitybio.in/wp-content/uploads/2024/04/cement.png]
[qualitybio.in/wp-content/uploads/2024/04/beam.png]
[qualitybio.in/wp-content/uploads/2024/04/tyre.png]
[qualitybio.in/wp-content/uploads/2024/03/pharma-unit.png]
[qualitybio.in/wp-content/uploads/2024/03/thermal-industries.png]
[qualitybio.in/wp-content/uploads/2024/04/chemical.png]
[qualitybio.in/wp-content/uploads/2018/04/video-background.jpg]
[qualitybio.in/www.twitter.35.delayed]
[qualitybio.in/www.instagram.com]
[qualitybio.in/www.facebook.com]
[qualitybio.in/wp-includes/js/dist/hooks.min2757.js]
[qualitybio.in/wp-includes/js/dist/i18n.minc33c.js]
[qualitybio.in/wp-content/plugins/contact-form-7/includes/swv/js/index1014.js]
[qualitybio.in/wp-content/plugins/contact-form-7/includes/js/index1014.js]
[qualitybio.in/wp-content/plugins/real-time-auto-find-and-replace/assets/js/rtafar.localaff7.js]
[qualitybio.in/wp-includes/js/jquery/ui/core.minb37e.js]
[qualitybio.in/wp-includes/js/jquery/ui/accordion.minb37e.js]
[qualitybio.in/wp-includes/js/jquery/ui/menu.minb37e.js]
[qualitybio.in/wp-includes/js/dist/dom-ready.min5346.js]
[qualitybio.in/wp-includes/js/dist/a11y.mine810.js]
[qualitybio.in/wp-includes/js/jquery/ui/autocomplete.minb37e.js]
[qualitybio.in/wp-includes/js/jquery/ui/controlgroup.minb37e.js]
[qualitybio.in/wp-includes/js/jquery/ui/checkboxradio.minb37e.js]
[qualitybio.in/wp-includes/js/jquery/ui/button.minb37e.js]
[qualitybio.in/wp-includes/js/jquery/ui/datepicker.minb37e.js]
[qualitybio.in/wp-includes/js/jquery/ui/mouse.minb37e.js]
[qualitybio.in/wp-includes/js/jquery/ui/resizable.minb37e.js]
[qualitybio.in/wp-includes/js/jquery/ui/draggable.minb37e.js]
[qualitybio.in/wp-includes/js/jquery/ui/dialog.minb37e.js]
[qualitybio.in/wp-includes/js/jquery/ui/droppable.minb37e.js]
[qualitybio.in/wp-includes/js/jquery/ui/progressbar.minb37e.js]
[qualitybio.in/wp-includes/js/jquery/ui/selectable.minb37e.js]
[qualitybio.in/wp-includes/js/jquery/ui/sortable.minb37e.js]
[qualitybio.in/wp-includes/js/jquery/ui/slider.minb37e.js]
[qualitybio.in/wp-includes/js/jquery/ui/spinner.minb37e.js]
[qualitybio.in/wp-includes/js/jquery/ui/tooltip.minb37e.js]
[qualitybio.in/wp-includes/js/jquery/ui/tabs.minb37e.js]
[qualitybio.in/wp-includes/js/jquery/ui/effect.minb37e.js]
[qualitybio.in/wp-includes/js/jquery/ui/effect-blind.minb37e.js]
[qualitybio.in/wp-includes/js/jquery/ui/effect-bounce.minb37e.js]
[qualitybio.in/wp-includes/js/jquery/ui/effect-clip.minb37e.js]
[qualitybio.in/wp-includes/js/jquery/ui/effect-drop.minb37e.js]
[qualitybio.in/wp-includes/js/jquery/ui/effect-explode.minb37e.js]
[qualitybio.in/wp-includes/js/jquery/ui/effect-fade.minb37e.js]
[qualitybio.in/wp-includes/js/jquery/ui/effect-fold.minb37e.js]
[qualitybio.in/wp-includes/js/jquery/ui/effect-highlight.minb37e.js]
[qualitybio.in/wp-includes/js/jquery/ui/effect-pulsate.minb37e.js]
[qualitybio.in/wp-includes/js/jquery/ui/effect-size.minb37e.js]
[qualitybio.in/wp-includes/js/jquery/ui/effect-scale.minb37e.js]
[qualitybio.in/wp-includes/js/jquery/ui/effect-shake.minb37e.js]
[qualitybio.in/wp-includes/js/jquery/ui/effect-slide.minb37e.js]
[qualitybio.in/wp-includes/js/jquery/ui/effect-transfer.minb37e.js]
[qualitybio.in/wp-content/themes/bridge/js/plugins/doubletaptogo109c.js]
[qualitybio.in/wp-content/themes/bridge/js/plugins/modernizr.min109c.js]
[qualitybio.in/wp-content/themes/bridge/js/plugins/jquery.appear109c.js]
[qualitybio.in/wp-includes/js/hoverIntent.min3e5a.js]
[qualitybio.in/wp-content/themes/bridge/js/plugins/counter109c.js]
[qualitybio.in/wp-content/themes/bridge/js/plugins/easypiechart109c.js]
[qualitybio.in/wp-content/themes/bridge/js/plugins/mixitup109c.js]
[qualitybio.in/wp-content/themes/bridge/js/plugins/jquery.prettyPhoto109c.js]
[qualitybio.in/wp-content/themes/bridge/js/plugins/jquery.fitvids109c.js]
[qualitybio.in/wp-content/themes/bridge/js/plugins/jquery.flexslider-min109c.js]
[qualitybio.in/wp-includes/js/mediaelement/mediaelement-and-player.min1f61.js]
[qualitybio.in/wp-includes/js/mediaelement/mediaelement-migrate.min109c.js]
[qualitybio.in/wp-includes/js/mediaelement/wp-mediaelement.min109c.js]
[qualitybio.in/wp-content/themes/bridge/js/plugins/infinitescroll.min109c.js]
[qualitybio.in/wp-content/themes/bridge/js/plugins/jquery.waitforimages109c.js]
[qualitybio.in/wp-includes/js/jquery/jquery.form.minb2f9.js]
[qualitybio.in/wp-content/themes/bridge/js/plugins/waypoints.min109c.js]
[qualitybio.in/wp-content/themes/bridge/js/plugins/jplayer.min109c.js]
[qualitybio.in/wp-content/themes/bridge/js/plugins/bootstrap.carousel109c.js]
[qualitybio.in/wp-content/themes/bridge/js/plugins/skrollr109c.js]
[qualitybio.in/wp-content/themes/bridge/js/plugins/Chart.min109c.js]
[qualitybio.in/wp-content/themes/bridge/js/plugins/jquery.easing.1.3109c.js]
[qualitybio.in/wp-content/themes/bridge/js/plugins/abstractBaseClass109c.js]
[qualitybio.in/wp-content/themes/bridge/js/plugins/jquery.countdown109c.js]
[qualitybio.in/wp-content/themes/bridge/js/plugins/jquery.multiscroll.min109c.js]
[qualitybio.in/wp-content/themes/bridge/js/plugins/jquery.justifiedGallery.min109c.js]
[qualitybio.in/wp-content/themes/bridge/js/plugins/bigtext109c.js]
[qualitybio.in/wp-content/themes/bridge/js/plugins/jquery.sticky-kit.min109c.js]
[qualitybio.in/wp-content/themes/bridge/js/plugins/owl.carousel.min109c.js]
[qualitybio.in/wp-content/themes/bridge/js/plugins/typed109c.js]
[qualitybio.in/wp-content/themes/bridge/js/plugins/jquery.carouFredSel-6.2.1.min109c.js]
[qualitybio.in/wp-content/themes/bridge/js/plugins/lemmon-slider.min109c.js]
[qualitybio.in/wp-content/themes/bridge/js/plugins/jquery.fullPage.min109c.js]
[qualitybio.in/wp-content/themes/bridge/js/plugins/jquery.mousewheel.min109c.js]
[qualitybio.in/wp-content/themes/bridge/js/plugins/jquery.touchSwipe.min109c.js]
[qualitybio.in/wp-content/themes/bridge/js/plugins/jquery.isotope.min109c.js]
[qualitybio.in/wp-content/themes/bridge/js/plugins/packery-mode.pkgd.min109c.js]
[qualitybio.in/wp-content/themes/bridge/js/plugins/jquery.stretch109c.js]
[qualitybio.in/wp-content/themes/bridge/js/plugins/imagesloaded109c.js]
[qualitybio.in/wp-content/themes/bridge/js/plugins/rangeslider.min109c.js]
[qualitybio.in/wp-content/themes/bridge/js/plugins/jquery.event.move109c.js]
[qualitybio.in/wp-content/themes/bridge/js/plugins/jquery.twentytwenty109c.js]
[qualitybio.in/wp-content/themes/bridge/js/plugins/TweenLite.min109c.js]
[qualitybio.in/wp-content/themes/bridge/js/plugins/smoothPageScroll.min109c.js]
[qualitybio.in/wp-content/themes/bridge/js/default_dynamic5fe4.js]
[qualitybio.in/wp-content/themes/bridge/js/default.min109c.js]
[qualitybio.in/wp-includes/js/comment-reply.min109c.js]
[qualitybio.in/wp-content/plugins/js_composer/assets/js/dist/js_composer_front.min52c7.js]
[qualitybio.in/wp-content/themes/bridge/js/plugins/qode-like.min109c.js]
[qualitybio.in/wp-content/plugins/real-time-auto-find-and-replace/assets/js/rtafar.app.minaff7.js]
[qualitybio.in/index.html]
[qualitybio.in/xmlrpc.php]
[qualitybio.in/wp-content/plugins/LayerSlider/static/layerslider/img/icon-muted-white.png]
[qualitybio.in/wp-content/plugins/LayerSlider/static/layerslider/img/icon-unmuted-white.png]
[qualitybio.in/wp-content/plugins/LayerSlider/static/layerslider/css/layerslidercc6a.css]
[qualitybio.in/wp-includes/css/dist/block-library/style.min109c.css]
[qualitybio.in/wp-content/plugins/contact-form-7/includes/css/styles1014.css]
[qualitybio.in/wp-content/plugins/revslider/public/assets/fonts/revicons/revicons90c6.eot]
[qualitybio.in/wp-content/plugins/revslider/public/assets/fonts/revicons/revicons90c6.woff]
[qualitybio.in/wp-content/plugins/revslider/public/assets/fonts/revicons/revicons90c6.ttf]
[qualitybio.in/wp-content/plugins/revslider/public/assets/assets/gridtile.png]
[qualitybio.in/wp-content/plugins/revslider/public/assets/assets/gridtile_white.png]
[qualitybio.in/wp-content/plugins/revslider/public/assets/assets/gridtile_3x3.png]
[qualitybio.in/wp-content/plugins/revslider/public/assets/assets/gridtile_3x3_white.png]
[qualitybio.in/wp-content/plugins/revslider/public/assets/assets/coloredbg.png]
[qualitybio.in/wp-content/plugins/revslider/public/assets/assets/loader.gif]
[qualitybio.in/wp-content/plugins/revslider/public/assets/css/rs6bfbf.css]
[qualitybio.in/wp-includes/js/mediaelement/mediaelementplayer-legacy.min1f61.css]
[qualitybio.in/wp-includes/js/mediaelement/wp-mediaelement.min109c.css]
[qualitybio.in/wp-content/themes/bridge/style109c.css]
[qualitybio.in/wp-content/themes/bridge/css/font-awesome/fonts/fontawesome-webfont3e6e.eot]
[qualitybio.in/wp-content/themes/bridge/css/font-awesome/fonts/fontawesome-webfontd41d.eot]
[qualitybio.in/wp-content/themes/bridge/css/font-awesome/fonts/fontawesome-webfont3e6e.woff2]
[qualitybio.in/wp-content/themes/bridge/css/font-awesome/fonts/fontawesome-webfont3e6e.woff]
[qualitybio.in/wp-content/themes/bridge/css/font-awesome/fonts/fontawesome-webfont3e6e.ttf]
[qualitybio.in/wp-content/themes/bridge/css/font-awesome/css/font-awesome.min109c.css]
[qualitybio.in/wp-content/themes/bridge/css/elegant-icons/fonts/ElegantIcons.eot]
[qualitybio.in/wp-content/themes/bridge/css/elegant-icons/fonts/ElegantIconsd41d.eot]
[qualitybio.in/wp-content/themes/bridge/css/elegant-icons/fonts/ElegantIcons.woff]
[qualitybio.in/wp-content/themes/bridge/css/elegant-icons/fonts/ElegantIcons.ttf]
[qualitybio.in/wp-content/themes/bridge/css/elegant-icons/style.min109c.css]
[qualitybio.in/wp-content/themes/bridge/css/linea-icons/arrows/fonts/linea-arrows-10.eot]
[qualitybio.in/wp-content/themes/bridge/css/linea-icons/arrows/fonts/linea-arrows-10d41d.eot]
[qualitybio.in/wp-content/themes/bridge/css/linea-icons/arrows/fonts/linea-arrows-10.woff]
[qualitybio.in/wp-content/themes/bridge/css/linea-icons/arrows/fonts/linea-arrows-10.ttf]
[qualitybio.in/wp-content/themes/bridge/css/linea-icons/basic/fonts/linea-basic-10.eot]
[qualitybio.in/wp-content/themes/bridge/css/linea-icons/basic/fonts/linea-basic-10d41d.eot]
[qualitybio.in/wp-content/themes/bridge/css/linea-icons/basic/fonts/linea-basic-10.woff]
[qualitybio.in/wp-content/themes/bridge/css/linea-icons/basic/fonts/linea-basic-10.ttf]
[qualitybio.in/wp-content/themes/bridge/css/linea-icons/basic-elaboration/fonts/linea-basic-elaboration-10.eot]
[qualitybio.in/wp-content/themes/bridge/css/linea-icons/basic-elaboration/fonts/linea-basic-elaboration-10d41d.eot]
[qualitybio.in/wp-content/themes/bridge/css/linea-icons/basic-elaboration/fonts/linea-basic-elaboration-10.woff]
[qualitybio.in/wp-content/themes/bridge/css/linea-icons/basic-elaboration/fonts/linea-basic-elaboration-10.ttf]
[qualitybio.in/wp-content/themes/bridge/css/linea-icons/ecommerce/fonts/linea-ecommerce-10.eot]
[qualitybio.in/wp-content/themes/bridge/css/linea-icons/ecommerce/fonts/linea-ecommerce-10d41d.eot]
[qualitybio.in/wp-content/themes/bridge/css/linea-icons/ecommerce/fonts/linea-ecommerce-10.woff]
[qualitybio.in/wp-content/themes/bridge/css/linea-icons/ecommerce/fonts/linea-ecommerce-10.ttf]
[qualitybio.in/wp-content/themes/bridge/css/linea-icons/music/fonts/linea-music-10.eot]
[qualitybio.in/wp-content/themes/bridge/css/linea-icons/music/fonts/linea-music-10d41d.eot]
[qualitybio.in/wp-content/themes/bridge/css/linea-icons/music/fonts/linea-music-10.woff]
[qualitybio.in/wp-content/themes/bridge/css/linea-icons/music/fonts/linea-music-10.ttf]
[qualitybio.in/wp-content/themes/bridge/css/linea-icons/software/fonts/linea-software-10.eot]
[qualitybio.in/wp-content/themes/bridge/css/linea-icons/software/fonts/linea-software-10d41d.eot]
[qualitybio.in/wp-content/themes/bridge/css/linea-icons/software/fonts/linea-software-10.woff]
[qualitybio.in/wp-content/themes/bridge/css/linea-icons/software/fonts/linea-software-10.ttf]
[qualitybio.in/wp-content/themes/bridge/css/linea-icons/weather/fonts/linea-weather-10.eot]
[qualitybio.in/wp-content/themes/bridge/css/linea-icons/weather/fonts/linea-weather-10d41d.eot]
[qualitybio.in/wp-content/themes/bridge/css/linea-icons/weather/fonts/linea-weather-10.woff]
[qualitybio.in/wp-content/themes/bridge/css/linea-icons/weather/fonts/linea-weather-10.ttf]
[qualitybio.in/wp-content/themes/bridge/css/linea-icons/style109c.css]
[qualitybio.in/wp-content/themes/bridge/css/dripicons/fonts/dripicons-v2.eot]
[qualitybio.in/wp-content/themes/bridge/css/dripicons/fonts/dripicons-v2d41d.eot]
[qualitybio.in/wp-content/themes/bridge/css/dripicons/fonts/dripicons-v2.woff]
[qualitybio.in/wp-content/themes/bridge/css/dripicons/fonts/dripicons-v2.ttf]
[qualitybio.in/wp-content/themes/bridge/css/dripicons/dripicons109c.css]
[qualitybio.in/wp-content/themes/bridge/css/img/pixel-video.png]
[qualitybio.in/wp-content/themes/bridge/css/img/box_image_shadow.png]
[qualitybio.in/wp-content/themes/bridge/css/img/portfolio_list_button.png]
[qualitybio.in/wp-content/themes/bridge/css/img/portfolio_list_button_hover.png]
[qualitybio.in/wp-content/themes/bridge/css/img/portfolio_list_button@1_5x.png]
[qualitybio.in/wp-content/themes/bridge/css/img/portfolio_list_button_hover@1_5x.png]
[qualitybio.in/wp-content/themes/bridge/css/img/portfolio_list_button@2x.png]
[qualitybio.in/wp-content/themes/bridge/css/img/portfolio_list_button_hover@2x.png]
[qualitybio.in/wp-content/themes/bridge/css/img/button-bg-px.png]
[qualitybio.in/wp-content/themes/bridge/css/img/cursor_plus.png]
[qualitybio.in/wp-content/themes/bridge/css/img/plus.png]
[qualitybio.in/wp-content/themes/bridge/css/img/minus.png]
[qualitybio.in/wp-content/themes/bridge/css/img/plus@1_5x.png]
[qualitybio.in/wp-content/themes/bridge/css/img/minus@1_5x.png]
[qualitybio.in/wp-content/themes/bridge/css/img/plus@2x.png]
[qualitybio.in/wp-content/themes/bridge/css/img/minus@2x.png]
[qualitybio.in/wp-content/themes/bridge/css/img/close_side_menu.png]
[qualitybio.in/wp-content/themes/bridge/css/img/close_side_menu@2x.png]
[qualitybio.in/wp-content/themes/bridge/css/img/close_side_menu_dark.png]
[qualitybio.in/wp-content/themes/bridge/css/img/close_side_menu_dark@2x.png]
[qualitybio.in/wp-content/themes/bridge/css/img/prettyPhoto/sprite.png]
[qualitybio.in/wp-content/themes/bridge/css/img/prettyPhoto/sprite_x.png]
[qualitybio.in/wp-content/themes/bridge/css/img/prettyPhoto/sprite_y.png]
[qualitybio.in/wp-content/themes/bridge/css/img/prettyPhoto/sprite_next.png]
[qualitybio.in/wp-content/themes/bridge/css/img/prettyPhoto/sprite_prev.png]
[qualitybio.in/wp-content/themes/bridge/css/img/prettyPhoto/default_thumb.png]
[qualitybio.in/wp-content/themes/bridge/css/img/prettyPhoto/loader.gif]
[qualitybio.in/wp-content/themes/bridge/images/prettyPhoto/facebook/default_thumbnail.gif]
[qualitybio.in/wp-content/themes/bridge/css/img/audio/controls.png]
[qualitybio.in/wp-content/themes/bridge/css/img/audio/play.png]
[qualitybio.in/wp-content/themes/bridge/css/img/audio/pause.png]
[qualitybio.in/wp-content/themes/bridge/css/img/audio/stop.png]
[qualitybio.in/wp-content/themes/bridge/css/img/audio/sound.png]
[qualitybio.in/wp-content/themes/bridge/css/img/audio/mute.png]
[qualitybio.in/wp-content/themes/bridge/css/img/wc_select_arrow.png]
[qualitybio.in/wp-content/themes/bridge/css/img/wc_select_arrow_footer.png]
[qualitybio.in/wp-content/themes/bridge/css/img/frame_arrow_right.png]
[qualitybio.in/wp-content/themes/bridge/css/img/frame_arrow_right_hover.png]
[qualitybio.in/wp-content/themes/bridge/css/img/frame_arrow_left.png]
[qualitybio.in/wp-content/themes/bridge/css/img/frame_arrow_left_hover.png]
[qualitybio.in/wp-content/themes/bridge/css/img/frame_arrow_left@1_5x.png]
[qualitybio.in/wp-content/themes/bridge/css/img/frame_arrow_left_hover@1_5x.png]
[qualitybio.in/wp-content/themes/bridge/css/img/frame_arrow_right@1_5x.png]
[qualitybio.in/wp-content/themes/bridge/css/img/frame_arrow_right_hover@1_5x.png]
[qualitybio.in/wp-content/themes/bridge/css/img/frame_arrow_left@2x.png]
[qualitybio.in/wp-content/themes/bridge/css/img/frame_arrow_left_hover@2x.png]
[qualitybio.in/wp-content/themes/bridge/css/img/frame_arrow_right@2x.png]
[qualitybio.in/wp-content/themes/bridge/css/img/frame_arrow_right_hover@2x.png]
[qualitybio.in/wp-content/themes/bridge/css/img/content_menu_arrow.png]
[qualitybio.in/wp-content/themes/bridge/css/img/vertical_menu_cross.png]
[qualitybio.in/wp-content/themes/bridge/css/img/vertical_menu_minus.png]
[qualitybio.in/wp-content/themes/bridge/css/img/vertical_menu_cross_white.png]
[qualitybio.in/wp-content/themes/bridge/css/img/vertical_menu_minus_white.png]
[qualitybio.in/wp-content/themes/bridge/css/img/vertical_menu_cross_black.png]
[qualitybio.in/wp-content/themes/bridge/css/img/vertical_menu_minus_black.png]
[qualitybio.in/wp-content/themes/bridge/css/img/vertical_menu_cross@1_5x.png]
[qualitybio.in/wp-content/themes/bridge/css/img/vertical_menu_minus@1_5x.png]
[qualitybio.in/wp-content/themes/bridge/css/img/vertical_menu_cross_white@1_5x.png]
[qualitybio.in/wp-content/themes/bridge/css/img/vertical_menu_minus_white@1_5x.png]
[qualitybio.in/wp-content/themes/bridge/css/img/vertical_menu_cross_black@1_5x.png]
[qualitybio.in/wp-content/themes/bridge/css/img/vertical_menu_minus_black@1_5x.png]
[qualitybio.in/wp-content/themes/bridge/css/img/vertical_menu_cross@2x.png]
[qualitybio.in/wp-content/themes/bridge/css/img/vertical_menu_minus@2x.png]
[qualitybio.in/wp-content/themes/bridge/css/img/vertical_menu_cross_white@2x.png]
[qualitybio.in/wp-content/themes/bridge/css/img/vertical_menu_minus_white@2x.png]
[qualitybio.in/wp-content/themes/bridge/css/img/vertical_menu_cross_black@2x.png]
[qualitybio.in/wp-content/themes/bridge/css/img/vertical_menu_minus_black@2x.png]
[qualitybio.in/wp-content/themes/bridge/css/img/mds-phone-top.png]
[qualitybio.in/wp-content/themes/bridge/css/stylesheet.min109c.css]
[qualitybio.in/wp-content/themes/bridge/css/print109c.css]
[qualitybio.in/wp-content/themes/bridge/css/style_dynamic5fe4.css]
[qualitybio.in/wp-content/themes/bridge/css/responsive.min109c.css]
[qualitybio.in/wp-content/themes/bridge/css/style_dynamic_responsive5fe4.css]
[qualitybio.in/wp-content/plugins/js_composer/assets/vc/alert.png]
[qualitybio.in/wp-content/plugins/js_composer/assets/vc/info.png]
[qualitybio.in/wp-content/plugins/js_composer/assets/vc/tick.png]
[qualitybio.in/wp-content/plugins/js_composer/assets/vc/exclamation.png]
[qualitybio.in/wp-content/plugins/js_composer/assets/images/icons/address-book.png]
[qualitybio.in/wp-content/plugins/js_composer/assets/images/icons/alarm-clock.png]
[qualitybio.in/wp-content/plugins/js_composer/assets/images/icons/anchor.png]
[qualitybio.in/wp-content/plugins/js_composer/assets/images/icons/application-image.png]
[qualitybio.in/wp-content/plugins/js_composer/assets/images/icons/arrow.png]
[qualitybio.in/wp-content/plugins/js_composer/assets/images/icons/asterisk.png]
[qualitybio.in/wp-content/plugins/js_composer/assets/images/icons/auction-hammer.png]
[qualitybio.in/wp-content/plugins/js_composer/assets/images/icons/balloon.png]
[qualitybio.in/wp-content/plugins/js_composer/assets/images/icons/balloon-buzz.png]
[qualitybio.in/wp-content/plugins/js_composer/assets/images/icons/balloon-facebook.png]
[qualitybio.in/wp-content/plugins/js_composer/assets/images/icons/balloon-twitter.png]
[qualitybio.in/wp-content/plugins/js_composer/assets/images/icons/battery-full.png]
[qualitybio.in/wp-content/plugins/js_composer/assets/images/icons/binocular.png]
[qualitybio.in/wp-content/plugins/js_composer/assets/images/icons/blue-document-excel.png]
[qualitybio.in/wp-content/plugins/js_composer/assets/images/icons/blue-document-image.png]
[qualitybio.in/wp-content/plugins/js_composer/assets/images/icons/blue-document-music.png]
[qualitybio.in/wp-content/plugins/js_composer/assets/images/icons/blue-document-office.png]
[qualitybio.in/wp-content/plugins/js_composer/assets/images/icons/blue-document-pdf.png]
[qualitybio.in/wp-content/plugins/js_composer/assets/images/icons/blue-document-powerpoint.png]
[qualitybio.in/wp-content/plugins/js_composer/assets/images/icons/blue-document-word.png]
[qualitybio.in/wp-content/plugins/js_composer/assets/images/icons/bookmark.png]
[qualitybio.in/wp-content/plugins/js_composer/assets/images/icons/camcorder.png]
[qualitybio.in/wp-content/plugins/js_composer/assets/images/icons/camera.png]
[qualitybio.in/wp-content/plugins/js_composer/assets/images/icons/chart.png]
[qualitybio.in/wp-content/plugins/js_composer/assets/images/icons/chart-pie.png]
[qualitybio.in/wp-content/plugins/js_composer/assets/images/icons/clock.png]
[qualitybio.in/wp-content/plugins/js_composer/assets/images/icons/control.png]
[qualitybio.in/wp-content/plugins/js_composer/assets/images/icons/fire.png]
[qualitybio.in/wp-content/plugins/js_composer/assets/images/icons/heart.png]
[qualitybio.in/wp-content/plugins/js_composer/assets/images/icons/mail.png]
[qualitybio.in/wp-content/plugins/js_composer/assets/images/icons/plus-shield.png]
[qualitybio.in/wp-content/plugins/js_composer/assets/images/icons/video.png]
[qualitybio.in/wp-content/plugins/js_composer/assets/fonts/vc_icons_v2/fonts/vcpb-plugin-iconsb82a.eot]
[qualitybio.in/wp-content/plugins/js_composer/assets/fonts/vc_icons_v2/fonts/vcpb-plugin-iconsb82a.ttf]
[qualitybio.in/wp-content/plugins/js_composer/assets/fonts/vc_icons_v2/fonts/vcpb-plugin-iconsb82a.woff]
[qualitybio.in/wp-content/plugins/js_composer/assets/images/toggle_open.png]
[qualitybio.in/wp-content/plugins/js_composer/assets/images/toggle_close.png]
[qualitybio.in/wp-content/plugins/js_composer/assets/images/flickr.png]
[qualitybio.in/wp-content/plugins/js_composer/assets/fonts/vc_grid/vc_grid_v157a1.eot]
[qualitybio.in/wp-content/plugins/js_composer/assets/fonts/vc_grid/vc_grid_v1d41d.eot]
[qualitybio.in/wp-content/plugins/js_composer/assets/fonts/vc_grid/vc_grid_v157a1.woff]
[qualitybio.in/wp-content/plugins/js_composer/assets/fonts/vc_grid/vc_grid_v157a1.ttf]
[qualitybio.in/wp-content/plugins/js_composer/assets/images/spinner.gif]
[qualitybio.in/wp-content/plugins/js_composer/assets/vc/remove.png]
[qualitybio.in/wp-content/plugins/js_composer/assets/css/js_composer.min52c7.css]
[qualitybio.in/wp-json/wp/v2/pages/128.json]
[qualitybio.in/wp-json/oembed/1.0/embed873a.json]
[qualitybio.in/wp-json/oembed/1.0/embed56df]
[qualitybio.in/wp-content/uploads/2024/03/testi-bg.jpg]
[qualitybio.in/wp-content/uploads/2024/04/impact.jpg]
[qualitybio.in/wp-content/uploads/2024/03/bio-mass-eco-energy.png]
[qualitybio.in/wp-content/uploads/2024/03/warehouse.png]
[qualitybio.in/wp-content/uploads/2024/03/shield.png]
[qualitybio.in/wp-content/uploads/2024/03/logistics.png]
[qualitybio.in/wp-content/uploads/2024/04/quality-group-e1713350883731.jpg]
[qualitybio.in/about/www.twitter.com]
[qualitybio.in/about/www.instagram.com]
[qualitybio.in/about/www.facebook.com]
[qualitybio.in/about/index.html]
[qualitybio.in/wp-json/wp/v2/pages/136.json]
[qualitybio.in/wp-json/oembed/1.0/embedaa7c.json]
[qualitybio.in/wp-json/oembed/1.0/embed30e6]
[qualitybio.in/products/www.twitter.com]
[qualitybio.in/products/www.instagram.com]
[qualitybio.in/products/www.facebook.com]
[qualitybio.in/products/index.html]
[qualitybio.in/wp-content/uploads/2024/04/impact-min8b4b.jpg]
[qualitybio.in/wp-json/wp/v2/pages/558.json]
[qualitybio.in/wp-json/oembed/1.0/embedcf0e.json]
[qualitybio.in/wp-json/oembed/1.0/embed2c10]
[qualitybio.in/wp-content/uploads/2024/03/bottom.jpg]
[qualitybio.in/impact-and-sustainability/www.twitter.com]
[qualitybio.in/impact-and-sustainability/www.instagram.com]
[qualitybio.in/impact-and-sustainability/www.facebook.com]
[qualitybio.in/impact-and-sustainability/index.html]
[qualitybio.in/wp-json/wp/v2/pages/512.json]
[qualitybio.in/wp-json/oembed/1.0/embedaa93.json]
[qualitybio.in/wp-json/oembed/1.0/embed36e0]
[qualitybio.in/wp-content/uploads/2024/04/Re-01.png]
[qualitybio.in/wp-content/uploads/2024/04/Re-02.png]
[qualitybio.in/wp-content/uploads/2024/04/Re-03.png]
[qualitybio.in/wp-content/uploads/2024/04/bomb-calorimeter.jpg]
[qualitybio.in/quality-testing/www.twitter.com]
[qualitybio.in/quality-testing/www.instagram.com]
[qualitybio.in/quality-testing/www.facebook.com]
[qualitybio.in/quality-testing/index.html]
[qualitybio.in/wp-json/wp/v2/pages/562.json]
[qualitybio.in/wp-json/oembed/1.0/embed996a.json]
[qualitybio.in/wp-json/oembed/1.0/embeddf1f]
[qualitybio.in/wp-content/uploads/2024/04/Map-01.jpg]
[qualitybio.in/contact/www.twitter.com]
[qualitybio.in/contact/www.instagram.com]
[qualitybio.in/contact/www.facebook.com]
[qualitybio.in/contact/index.html]
[qualitybio.in/www.twitter.html]
[qualitybio.in/www.instagram.html]
[qualitybio.in/www.facebook.html]
[qualitybio.in/wp-content/plugins/revslider/public/assets/fonts/revicons/revicons90c6.svg]
[qualitybio.in/wp-content/plugins/revslider/public/assets/css/openhand.html]
[qualitybio.in/wp-content/plugins/revslider/public/assets/css/closedhand.html]
[qualitybio.in/wp-includes/js/mediaelement/mejs-controls.svg]
[qualitybio.in/wp-content/themes/bridge/css/font-awesome/fonts/fontawesome-webfont3e6e.svg]
[qualitybio.in/wp-content/themes/bridge/css/elegant-icons/fonts/ElegantIcons.svg]
[qualitybio.in/wp-content/themes/bridge/css/linea-icons/arrows/fonts/linea-arrows-10.svg]
[qualitybio.in/wp-content/themes/bridge/css/linea-icons/basic/fonts/linea-basic-10.svg]
[qualitybio.in/wp-content/themes/bridge/css/linea-icons/basic-elaboration/fonts/linea-basic-elaboration-10.svg]
[qualitybio.in/wp-content/themes/bridge/css/linea-icons/ecommerce/fonts/linea-ecommerce-10.svg]
[qualitybio.in/wp-content/themes/bridge/css/linea-icons/music/fonts/linea-music-10.svg]
[qualitybio.in/wp-content/themes/bridge/css/linea-icons/software/fonts/linea-software-10.svg]
[qualitybio.in/wp-content/themes/bridge/css/linea-icons/weather/fonts/linea-weather-10.svg]
[qualitybio.in/wp-content/themes/bridge/css/dripicons/fonts/dripicons-v2.svg]
[qualitybio.in/wp-content/themes/bridge/css/img/box_image_shadow.html]
[qualitybio.in/wp-content/themes/bridge/css/img/cursor_plus.html]
[qualitybio.in/wp-content/themes/bridge/css/img/desaturate.svg]
[qualitybio.in/wp-content/themes/bridge/images/prettyPhoto/facebook/default_thumbnail.html]
[qualitybio.in/wp-content/plugins/js_composer/assets/fonts/vc_icons_v2/fonts/vcpb-plugin-iconsb82a.svg]
[qualitybio.in/wp-content/plugins/js_composer/assets/vc/blur.svg]
[qualitybio.in/wp-content/plugins/js_composer/assets/fonts/vc_grid/vc_grid_v157a1.svg]
[qualitybio.in/index913e.html]
[qualitybio.in/about/www.twitter.html]
[qualitybio.in/about/www.instagram.html]
[qualitybio.in/about/www.facebook.html]
[qualitybio.in/index9469.html]
[qualitybio.in/products/www.twitter.html]
[qualitybio.in/products/www.instagram.html]
[qualitybio.in/products/www.facebook.html]
[qualitybio.in/index193e.html]
[qualitybio.in/impact-and-sustainability/www.twitter.html]
[qualitybio.in/impact-and-sustainability/www.instagram.html]
[qualitybio.in/impact-and-sustainability/www.facebook.html]
[qualitybio.in/indexb87d.html]
[qualitybio.in/quality-testing/www.twitter.html]
[qualitybio.in/quality-testing/www.instagram.html]
[qualitybio.in/quality-testing/www.facebook.html]
[qualitybio.in/indexf652.html]
[qualitybio.in/contact/www.twitter.html]
[qualitybio.in/contact/www.instagram.html]
[qualitybio.in/contact/www.facebook.html]
